// Jest Snapshot v1, https://goo.gl/fbAQLP

exports[`should render ExpenseList with empty message 1`] = `
<div>
  <h1>
    ExpenseList
  </h1>
</div>
`;

exports[`should render ExpenseList with expense 1`] = `
<div>
  <h1>
    ExpenseList
  </h1>
  <ExpenseListItem
    amount={1000}
    createdAt={0}
    des="description1"
    id="1"
    key="1"
    note=""
  />
  <ExpenseListItem
    amount={200}
    createdAt={-345600000}
    des="test2"
    id="2"
    key="2"
    note=""
  />
  <ExpenseListItem
    amount={300}
    createdAt={345600000}
    des="test3"
    id="3"
    key="3"
    note=""
  />
</div>
`;
