// Jest Snapshot v1, https://goo.gl/fbAQLP

exports[`Airbnb_enzyme: should render ExpenseDashboardPage properly 1`] = `
<div>
  <Connect(ExpenseSummary) />
  <Connect(ExpenseListFilters) />
  <Connect(ExpenseList) />
</div>
`;
