// Jest Snapshot v1, https://goo.gl/fbAQLP

exports[`Airbnb_enzyme: should render Header properly 1`] = `
<header>
  <h1>
    Expensify
  </h1>
  <NavLink
    activeClassName="is-active"
    exact={true}
    to="/"
  >
    Go Home
  </NavLink>
  <NavLink
    activeClassName="is-active"
    to="/create"
  >
    Create Page
  </NavLink>
  <NavLink
    activeClassName="is-active"
    to="/edit"
  >
    Edit Page
  </NavLink>
  <NavLink
    activeClassName="is-active"
    to="/help"
  >
    Help Page
  </NavLink>
</header>
`;
