// Jest Snapshot v1, https://goo.gl/fbAQLP

exports[`Airbnb_enzyme: should render NotFoundPage properly 1`] = `
<div>
  404! 
  <Link
    to="/"
  >
    Go Home
  </Link>
</div>
`;
